  console.log
    [motion][diag] react-native easing worklet markers {
      standard: false,
      decelerate: false,
      accelerate: false,
      linear: false
    }

      at Object.log (src/theme/motion.ts:69:13)

  console.log
    [motion][diag] reanimated easing worklet markers { decelerate: false, accelerate: false, linear: false }

      at Object.log (src/theme/motion.ts:76:13)

  console.log
    SPIKE A login visible after 690ms

      at Object.log (__tests__/navigation/spike.test.tsx:76:13)

  console.log
    SPIKE A splash dismissed: false at 6402ms

      at Object.log (__tests__/navigation/spike.test.tsx:89:13)
          at Generator.throw (<anonymous>)

  console.log
    SPIKE A inventory:
    label:Staff Scheduler
    label:Email
    label:Password
    label:Show password
    label:Sign in
    label:Forgot password?
    label:Starting Staff Scheduler

      at Object.log (__tests__/navigation/spike.test.tsx:91:13)
          at Generator.throw (<anonymous>)

  console.log
    SPIKE B app shell visible after 158ms

      at Object.log (__tests__/navigation/spike.test.tsx:109:13)

  console.log
    SPIKE B inventory:
    label:Notifications
    testID:home-notifications-bell
    label:Loading your shifts
    label:Home
    label:Roster
    label:Availability
    label:Leave
    label:Account
    label:Starting Staff Scheduler

      at Object.log (__tests__/navigation/spike.test.tsx:111:13)

  console.error
    An update to HomeScreen inside a test was not wrapped in act(...).
    
    When testing, code that causes React state updates should be wrapped into act(...):
    
    act(() => {
      /* fire events that update state */
    });
    /* assert on the output */
    
    This ensures that you're testing the behavior the user would see in the browser. Learn more at https://react.dev/link/wrap-tests-with-act

      at node_modules/react-test-renderer/cjs/react-test-renderer.development.js:14402:19
      at runWithFiberInDEV (node_modules/react-test-renderer/cjs/react-test-renderer.development.js:2315:13)
      at warnIfUpdatesNotWrappedWithActDEV (node_modules/react-test-renderer/cjs/react-test-renderer.development.js:14401:9)
      at scheduleUpdateOnFiber (node_modules/react-test-renderer/cjs/react-test-renderer.development.js:12086:9)
      at forceStoreRerender (node_modules/react-test-renderer/cjs/react-test-renderer.development.js:5432:24)
      at node_modules/react-test-renderer/cjs/react-test-renderer.development.js:5417:11
      at node_modules/@tanstack/query-core/src/notifyManager.ts:73:11
      at notifyFn (node_modules/@tanstack/query-core/src/notifyManager.ts:21:5)
      at node_modules/@tanstack/query-core/src/notifyManager.ts:44:13
          at Array.forEach (<anonymous>)
      at node_modules/@tanstack/query-core/src/notifyManager.ts:43:25
      at batchNotifyFn (node_modules/@tanstack/query-core/src/notifyManager.ts:24:5)
      at Timeout._onTimeout (node_modules/@tanstack/query-core/src/notifyManager.ts:42:9)

  console.error
    An update to AppBootGate inside a test was not wrapped in act(...).
    
    When testing, code that causes React state updates should be wrapped into act(...):
    
    act(() => {
      /* fire events that update state */
    });
    /* assert on the output */
    
    This ensures that you're testing the behavior the user would see in the browser. Learn more at https://react.dev/link/wrap-tests-with-act

      at node_modules/react-test-renderer/cjs/react-test-renderer.development.js:14402:19
      at runWithFiberInDEV (node_modules/react-test-renderer/cjs/react-test-renderer.development.js:2315:13)
      at warnIfUpdatesNotWrappedWithActDEV (node_modules/react-test-renderer/cjs/react-test-renderer.development.js:14401:9)
      at scheduleUpdateOnFiber (node_modules/react-test-renderer/cjs/react-test-renderer.development.js:12086:9)
      at forceStoreRerender (node_modules/react-test-renderer/cjs/react-test-renderer.development.js:5432:24)
      at node_modules/react-test-renderer/cjs/react-test-renderer.development.js:5417:11
      at node_modules/@tanstack/query-core/src/notifyManager.ts:73:11
      at notifyFn (node_modules/@tanstack/query-core/src/notifyManager.ts:21:5)
      at node_modules/@tanstack/query-core/src/notifyManager.ts:44:13
          at Array.forEach (<anonymous>)
      at node_modules/@tanstack/query-core/src/notifyManager.ts:43:25
      at batchNotifyFn (node_modules/@tanstack/query-core/src/notifyManager.ts:24:5)
      at Timeout._onTimeout (node_modules/@tanstack/query-core/src/notifyManager.ts:42:9)

  console.error
    An update to HomeScreen inside a test was not wrapped in act(...).
    
    When testing, code that causes React state updates should be wrapped into act(...):
    
    act(() => {
      /* fire events that update state */
    });
    /* assert on the output */
    
    This ensures that you're testing the behavior the user would see in the browser. Learn more at https://react.dev/link/wrap-tests-with-act

      at node_modules/react-test-renderer/cjs/react-test-renderer.development.js:14402:19
      at runWithFiberInDEV (node_modules/react-test-renderer/cjs/react-test-renderer.development.js:2315:13)
      at warnIfUpdatesNotWrappedWithActDEV (node_modules/react-test-renderer/cjs/react-test-renderer.development.js:14401:9)
      at scheduleUpdateOnFiber (node_modules/react-test-renderer/cjs/react-test-renderer.development.js:12086:9)
      at forceStoreRerender (node_modules/react-test-renderer/cjs/react-test-renderer.development.js:5432:24)
      at node_modules/react-test-renderer/cjs/react-test-renderer.development.js:5417:11
      at node_modules/@tanstack/query-core/src/notifyManager.ts:73:11
      at notifyFn (node_modules/@tanstack/query-core/src/notifyManager.ts:21:5)
      at node_modules/@tanstack/query-core/src/notifyManager.ts:44:13
          at Array.forEach (<anonymous>)
      at node_modules/@tanstack/query-core/src/notifyManager.ts:43:25
      at batchNotifyFn (node_modules/@tanstack/query-core/src/notifyManager.ts:24:5)
      at Timeout._onTimeout (node_modules/@tanstack/query-core/src/notifyManager.ts:42:9)

  console.error
    An update to HomeScreen inside a test was not wrapped in act(...).
    
    When testing, code that causes React state updates should be wrapped into act(...):
    
    act(() => {
      /* fire events that update state */
    });
    /* assert on the output */
    
    This ensures that you're testing the behavior the user would see in the browser. Learn more at https://react.dev/link/wrap-tests-with-act

      at node_modules/react-test-renderer/cjs/react-test-renderer.development.js:14402:19
      at runWithFiberInDEV (node_modules/react-test-renderer/cjs/react-test-renderer.development.js:2315:13)
      at warnIfUpdatesNotWrappedWithActDEV (node_modules/react-test-renderer/cjs/react-test-renderer.development.js:14401:9)
      at scheduleUpdateOnFiber (node_modules/react-test-renderer/cjs/react-test-renderer.development.js:12086:9)
      at forceStoreRerender (node_modules/react-test-renderer/cjs/react-test-renderer.development.js:5432:24)
      at node_modules/react-test-renderer/cjs/react-test-renderer.development.js:5417:11
      at node_modules/@tanstack/query-core/src/notifyManager.ts:73:11
      at notifyFn (node_modules/@tanstack/query-core/src/notifyManager.ts:21:5)
      at node_modules/@tanstack/query-core/src/notifyManager.ts:44:13
          at Array.forEach (<anonymous>)
      at node_modules/@tanstack/query-core/src/notifyManager.ts:43:25
      at batchNotifyFn (node_modules/@tanstack/query-core/src/notifyManager.ts:24:5)
      at Timeout._onTimeout (node_modules/@tanstack/query-core/src/notifyManager.ts:42:9)

  console.error
    An update to HomeScreen inside a test was not wrapped in act(...).
    
    When testing, code that causes React state updates should be wrapped into act(...):
    
    act(() => {
      /* fire events that update state */
    });
    /* assert on the output */
    
    This ensures that you're testing the behavior the user would see in the browser. Learn more at https://react.dev/link/wrap-tests-with-act

      at node_modules/react-test-renderer/cjs/react-test-renderer.development.js:14402:19
      at runWithFiberInDEV (node_modules/react-test-renderer/cjs/react-test-renderer.development.js:2315:13)
      at warnIfUpdatesNotWrappedWithActDEV (node_modules/react-test-renderer/cjs/react-test-renderer.development.js:14401:9)
      at scheduleUpdateOnFiber (node_modules/react-test-renderer/cjs/react-test-renderer.development.js:12086:9)
      at forceStoreRerender (node_modules/react-test-renderer/cjs/react-test-renderer.development.js:5432:24)
      at node_modules/react-test-renderer/cjs/react-test-renderer.development.js:5417:11
      at node_modules/@tanstack/query-core/src/notifyManager.ts:73:11
      at notifyFn (node_modules/@tanstack/query-core/src/notifyManager.ts:21:5)
      at node_modules/@tanstack/query-core/src/notifyManager.ts:44:13
          at Array.forEach (<anonymous>)
      at node_modules/@tanstack/query-core/src/notifyManager.ts:43:25
      at batchNotifyFn (node_modules/@tanstack/query-core/src/notifyManager.ts:24:5)
      at Timeout._onTimeout (node_modules/@tanstack/query-core/src/notifyManager.ts:42:9)

  console.error
    An update to AppTabBar inside a test was not wrapped in act(...).
    
    When testing, code that causes React state updates should be wrapped into act(...):
    
    act(() => {
      /* fire events that update state */
    });
    /* assert on the output */
    
    This ensures that you're testing the behavior the user would see in the browser. Learn more at https://react.dev/link/wrap-tests-with-act

      at node_modules/react-test-renderer/cjs/react-test-renderer.development.js:14402:19
      at runWithFiberInDEV (node_modules/react-test-renderer/cjs/react-test-renderer.development.js:2315:13)
      at warnIfUpdatesNotWrappedWithActDEV (node_modules/react-test-renderer/cjs/react-test-renderer.development.js:14401:9)
      at scheduleUpdateOnFiber (node_modules/react-test-renderer/cjs/react-test-renderer.development.js:12086:9)
      at forceStoreRerender (node_modules/react-test-renderer/cjs/react-test-renderer.development.js:5432:24)
      at node_modules/react-test-renderer/cjs/react-test-renderer.development.js:5417:11
      at node_modules/@tanstack/query-core/src/notifyManager.ts:73:11
      at notifyFn (node_modules/@tanstack/query-core/src/notifyManager.ts:21:5)
      at node_modules/@tanstack/query-core/src/notifyManager.ts:44:13
          at Array.forEach (<anonymous>)
      at node_modules/@tanstack/query-core/src/notifyManager.ts:43:25
      at batchNotifyFn (node_modules/@tanstack/query-core/src/notifyManager.ts:24:5)
      at Timeout._onTimeout (node_modules/@tanstack/query-core/src/notifyManager.ts:42:9)

PASS __tests__/navigation/spike.test.tsx (64.312 s)
  √ spike A — cold start with no token, then splash dismisses (6439 ms)
  √ spike B — seeded token lands on the app shell (212 ms)

Test Suites: 1 passed, 1 total
Tests:       2 passed, 2 total
Snapshots:   0 total
Time:        65.038 s
Ran all test suites matching /__tests__\\navigation/i.
